EN ula_muser_sistema NULL /home/sl/Desktop/ProjetoAlarmeAvaliacaoSl2/Sistema.vhf sub00/vhpl24 1544558935
EN regi_muser_dados NULL /home/sl/Desktop/ProjetoAlarmeAvaliacaoSl2/Dados.vhf sub00/vhpl62 1544558973
EN m2_1e_mxilinx_m4_1_8bit NULL /home/sl/Desktop/ProjetoAlarmeAvaliacaoSl2/m4_1_8bit.vhf sub01/vhpl100 1544559011
AR e4_2_muser_dados behavioral /home/sl/Desktop/ProjetoAlarmeAvaliacaoSl2/Dados.vhf sub00/vhpl53 1544558964
AR m4_1e_mxilinx_m4_1_8bit behavioral /home/sl/Desktop/ProjetoAlarmeAvaliacaoSl2/m4_1_8bit.vhf sub01/vhpl103 1544559014
AR regi_muser_temp behavioral /home/sl/Desktop/ProjetoAlarmeAvaliacaoSl2/TEMP.vhf sub00/vhpl77 1544558988
EN m2_1_8bit NULL /home/sl/Desktop/ProjetoAlarmeAvaliacaoSl2/m2_1_8bit.vhf sub00/vhpl70 1544558981
AR temp_muser_dados behavioral /home/sl/Desktop/ProjetoAlarmeAvaliacaoSl2/Dados.vhf sub00/vhpl65 1544558976
AR and8_mxilinx_z behavioral /home/sl/Desktop/ProjetoAlarmeAvaliacaoSl2/Z.vhf sub00/vhpl95 1544559006
EN m2_1e_mxilinx_temp NULL /home/sl/Desktop/ProjetoAlarmeAvaliacaoSl2/TEMP.vhf sub00/vhpl72 1544558983
EN dados NULL /home/sl/Desktop/ProjetoAlarmeAvaliacaoSl2/Dados.vhf sub00/vhpl66 1544558977
EN e4_2_muser_ula NULL /home/sl/Desktop/ProjetoAlarmeAvaliacaoSl2/ULA.vhf sub00/vhpl84 1544558995
AR m2_1e_mxilinx_temp behavioral /home/sl/Desktop/ProjetoAlarmeAvaliacaoSl2/TEMP.vhf sub00/vhpl73 1544558984
AR adsu8_mxilinx_sistema behavioral /home/sl/Desktop/ProjetoAlarmeAvaliacaoSl2/Sistema.vhf sub00/vhpl19 1544558930
AR m2_1_mxilinx_sistema behavioral /home/sl/Desktop/ProjetoAlarmeAvaliacaoSl2/Sistema.vhf sub00/vhpl07 1544558918
AR fjkc_mxilinx_esquematicoprojetoavaliacaosl2 behavioral /home/sl/Desktop/ProjetoAlarmeAvaliacaoSl2/EsquematicoProjetoAvaliacaoSL2.vhf sub00/vhpl03 1544558914
EN z_muser_sistema NULL /home/sl/Desktop/ProjetoAlarmeAvaliacaoSl2/Sistema.vhf sub00/vhpl28 1544558939
AR c_muser_dados behavioral /home/sl/Desktop/ProjetoAlarmeAvaliacaoSl2/Dados.vhf sub00/vhpl47 1544558958
EN regi NULL /home/sl/Desktop/ProjetoAlarmeAvaliacaoSl2/REGi.vhf sub01/vhpl110 1544559021
AR e4_2 behavioral /home/sl/Desktop/ProjetoAlarmeAvaliacaoSl2/e4_2.vhf sub00/vhpl99 1544559010
EN m2_1e_mxilinx_dados NULL /home/sl/Desktop/ProjetoAlarmeAvaliacaoSl2/Dados.vhf sub00/vhpl42 1544558953
AR add8_mxilinx_ula behavioral /home/sl/Desktop/ProjetoAlarmeAvaliacaoSl2/ULA.vhf sub00/vhpl81 1544558992
AR ula_muser_dados behavioral /home/sl/Desktop/ProjetoAlarmeAvaliacaoSl2/Dados.vhf sub00/vhpl57 1544558968
AR m2_1_mxilinx_dados behavioral /home/sl/Desktop/ProjetoAlarmeAvaliacaoSl2/Dados.vhf sub00/vhpl39 1544558950
AR m2_1e_mxilinx_ula behavioral /home/sl/Desktop/ProjetoAlarmeAvaliacaoSl2/ULA.vhf sub00/vhpl87 1544558998
EN m4_1e_mxilinx_ula NULL /home/sl/Desktop/ProjetoAlarmeAvaliacaoSl2/ULA.vhf sub00/vhpl88 1544558999
AR regi_muser_dados behavioral /home/sl/Desktop/ProjetoAlarmeAvaliacaoSl2/Dados.vhf sub00/vhpl63 1544558974
AR m2_1_8bit_muser_sistema behavioral /home/sl/Desktop/ProjetoAlarmeAvaliacaoSl2/Sistema.vhf sub00/vhpl09 1544558920
AR e4_2_muser_sistema behavioral /home/sl/Desktop/ProjetoAlarmeAvaliacaoSl2/Sistema.vhf sub00/vhpl21 1544558932
AR e4_2_muser_ula behavioral /home/sl/Desktop/ProjetoAlarmeAvaliacaoSl2/ULA.vhf sub00/vhpl85 1544558996
AR m2_1_8bit_muser_dados behavioral /home/sl/Desktop/ProjetoAlarmeAvaliacaoSl2/Dados.vhf sub00/vhpl41 1544558952
EN disp_basys2sl NULL /home/sl/Desktop/ProjetoAlarmeAvaliacaoSl2/Trabfinal/disp_basys2_SL.vhd sub00/vhpl00 1544558911
AR ula behavioral /home/sl/Desktop/ProjetoAlarmeAvaliacaoSl2/ULA.vhf sub00/vhpl93 1544559004
EN temp_muser_dados NULL /home/sl/Desktop/ProjetoAlarmeAvaliacaoSl2/Dados.vhf sub00/vhpl64 1544558975
AR m4_1e_mxilinx_regi behavioral /home/sl/Desktop/ProjetoAlarmeAvaliacaoSl2/REGi.vhf sub01/vhpl109 1544559020
EN m2_1e_mxilinx_sistema NULL /home/sl/Desktop/ProjetoAlarmeAvaliacaoSl2/Sistema.vhf sub00/vhpl10 1544558921
AR m4_1e_mxilinx_dados behavioral /home/sl/Desktop/ProjetoAlarmeAvaliacaoSl2/Dados.vhf sub00/vhpl45 1544558956
AR z_muser_sistema behavioral /home/sl/Desktop/ProjetoAlarmeAvaliacaoSl2/Sistema.vhf sub00/vhpl29 1544558940
AR m4_1_8bit behavioral /home/sl/Desktop/ProjetoAlarmeAvaliacaoSl2/m4_1_8bit.vhf sub01/vhpl105 1544559016
AR regi_muser_sistema behavioral /home/sl/Desktop/ProjetoAlarmeAvaliacaoSl2/Sistema.vhf sub00/vhpl31 1544558942
EN m4_1e_mxilinx_temp NULL /home/sl/Desktop/ProjetoAlarmeAvaliacaoSl2/TEMP.vhf sub00/vhpl74 1544558985
EN ula_muser_dados NULL /home/sl/Desktop/ProjetoAlarmeAvaliacaoSl2/Dados.vhf sub00/vhpl56 1544558967
EN sistema NULL /home/sl/Desktop/ProjetoAlarmeAvaliacaoSl2/Sistema.vhf sub00/vhpl36 1544558947
AR m4_1e_mxilinx_sistema behavioral /home/sl/Desktop/ProjetoAlarmeAvaliacaoSl2/Sistema.vhf sub00/vhpl13 1544558924
EN dados_muser_sistema NULL /home/sl/Desktop/ProjetoAlarmeAvaliacaoSl2/Sistema.vhf sub00/vhpl34 1544558945
AR ula_muser_sistema behavioral /home/sl/Desktop/ProjetoAlarmeAvaliacaoSl2/Sistema.vhf sub00/vhpl25 1544558936
AR adsu8_mxilinx_dados behavioral /home/sl/Desktop/ProjetoAlarmeAvaliacaoSl2/Dados.vhf sub00/vhpl51 1544558962
EN temp_muser_sistema NULL /home/sl/Desktop/ProjetoAlarmeAvaliacaoSl2/Sistema.vhf sub00/vhpl32 1544558943
EN adsu8_mxilinx_ula NULL /home/sl/Desktop/ProjetoAlarmeAvaliacaoSl2/ULA.vhf sub00/vhpl82 1544558993
EN m2_1_8bit_muser_dados NULL /home/sl/Desktop/ProjetoAlarmeAvaliacaoSl2/Dados.vhf sub00/vhpl40 1544558951
AR dados behavioral /home/sl/Desktop/ProjetoAlarmeAvaliacaoSl2/Dados.vhf sub00/vhpl67 1544558978
EN esquematicoprojetoavaliacaosl2 NULL /home/sl/Desktop/ProjetoAlarmeAvaliacaoSl2/EsquematicoProjetoAvaliacaoSL2.vhf sub00/vhpl04 1544558915
EN regi_muser_sistema NULL /home/sl/Desktop/ProjetoAlarmeAvaliacaoSl2/Sistema.vhf sub00/vhpl30 1544558941
AR z_muser_dados behavioral /home/sl/Desktop/ProjetoAlarmeAvaliacaoSl2/Dados.vhf sub00/vhpl61 1544558972
EN add8_mxilinx_sistema NULL /home/sl/Desktop/ProjetoAlarmeAvaliacaoSl2/Sistema.vhf sub00/vhpl16 1544558927
AR m4_1e_mxilinx_temp behavioral /home/sl/Desktop/ProjetoAlarmeAvaliacaoSl2/TEMP.vhf sub00/vhpl75 1544558986
EN m4_1_8bit_muser_ula NULL /home/sl/Desktop/ProjetoAlarmeAvaliacaoSl2/ULA.vhf sub00/vhpl90 1544559001
AR m2_1_8bit behavioral /home/sl/Desktop/ProjetoAlarmeAvaliacaoSl2/m2_1_8bit.vhf sub00/vhpl71 1544558982
EN adsu8_mxilinx_sistema NULL /home/sl/Desktop/ProjetoAlarmeAvaliacaoSl2/Sistema.vhf sub00/vhpl18 1544558929
AR sistema behavioral /home/sl/Desktop/ProjetoAlarmeAvaliacaoSl2/Sistema.vhf sub00/vhpl37 1544558948
AR regi behavioral /home/sl/Desktop/ProjetoAlarmeAvaliacaoSl2/REGi.vhf sub01/vhpl111 1544559022
EN e4_2_muser_dados NULL /home/sl/Desktop/ProjetoAlarmeAvaliacaoSl2/Dados.vhf sub00/vhpl52 1544558963
AR add8_mxilinx_dados behavioral /home/sl/Desktop/ProjetoAlarmeAvaliacaoSl2/Dados.vhf sub00/vhpl49 1544558960
EN ula NULL /home/sl/Desktop/ProjetoAlarmeAvaliacaoSl2/ULA.vhf sub00/vhpl92 1544559003
EN add8_mxilinx_ula NULL /home/sl/Desktop/ProjetoAlarmeAvaliacaoSl2/ULA.vhf sub00/vhpl80 1544558991
EN m4_1e_mxilinx_sistema NULL /home/sl/Desktop/ProjetoAlarmeAvaliacaoSl2/Sistema.vhf sub00/vhpl12 1544558923
AR m4_1e_mxilinx_ula behavioral /home/sl/Desktop/ProjetoAlarmeAvaliacaoSl2/ULA.vhf sub00/vhpl89 1544559000
EN m4_1e_mxilinx_dados NULL /home/sl/Desktop/ProjetoAlarmeAvaliacaoSl2/Dados.vhf sub00/vhpl44 1544558955
AR esquematicoprojetoavaliacaosl2 behavioral /home/sl/Desktop/ProjetoAlarmeAvaliacaoSl2/EsquematicoProjetoAvaliacaoSL2.vhf sub00/vhpl05 1544558916
AR and8_mxilinx_sistema behavioral /home/sl/Desktop/ProjetoAlarmeAvaliacaoSl2/Sistema.vhf sub00/vhpl27 1544558938
AR m2_1e_mxilinx_m4_1_8bit behavioral /home/sl/Desktop/ProjetoAlarmeAvaliacaoSl2/m4_1_8bit.vhf sub01/vhpl101 1544559012
EN m4_1_8bit_muser_dados NULL /home/sl/Desktop/ProjetoAlarmeAvaliacaoSl2/Dados.vhf sub00/vhpl54 1544558965
AR temp behavioral /home/sl/Desktop/ProjetoAlarmeAvaliacaoSl2/TEMP.vhf sub00/vhpl79 1544558990
EN m2_1e_mxilinx_regi NULL /home/sl/Desktop/ProjetoAlarmeAvaliacaoSl2/REGi.vhf sub01/vhpl106 1544559017
EN m2_1_8bit_muser_sistema NULL /home/sl/Desktop/ProjetoAlarmeAvaliacaoSl2/Sistema.vhf sub00/vhpl08 1544558919
EN temp NULL /home/sl/Desktop/ProjetoAlarmeAvaliacaoSl2/TEMP.vhf sub00/vhpl78 1544558989
EN adsu8_mxilinx_dados NULL /home/sl/Desktop/ProjetoAlarmeAvaliacaoSl2/Dados.vhf sub00/vhpl50 1544558961
EN and8_mxilinx_sistema NULL /home/sl/Desktop/ProjetoAlarmeAvaliacaoSl2/Sistema.vhf sub00/vhpl26 1544558937
EN c_muser_dados NULL /home/sl/Desktop/ProjetoAlarmeAvaliacaoSl2/Dados.vhf sub00/vhpl46 1544558957
EN z NULL /home/sl/Desktop/ProjetoAlarmeAvaliacaoSl2/Z.vhf sub00/vhpl96 1544559007
EN m4_1e_mxilinx_m4_1_8bit NULL /home/sl/Desktop/ProjetoAlarmeAvaliacaoSl2/m4_1_8bit.vhf sub01/vhpl102 1544559013
EN m2_1_mxilinx_dados NULL /home/sl/Desktop/ProjetoAlarmeAvaliacaoSl2/Dados.vhf sub00/vhpl38 1544558949
EN m4_1_8bit NULL /home/sl/Desktop/ProjetoAlarmeAvaliacaoSl2/m4_1_8bit.vhf sub01/vhpl104 1544559015
AR m4_1_8bit_muser_sistema behavioral /home/sl/Desktop/ProjetoAlarmeAvaliacaoSl2/Sistema.vhf sub00/vhpl23 1544558934
AR c_muser_sistema behavioral /home/sl/Desktop/ProjetoAlarmeAvaliacaoSl2/Sistema.vhf sub00/vhpl15 1544558926
EN m2_1e_mxilinx_ula NULL /home/sl/Desktop/ProjetoAlarmeAvaliacaoSl2/ULA.vhf sub00/vhpl86 1544558997
EN z_muser_dados NULL /home/sl/Desktop/ProjetoAlarmeAvaliacaoSl2/Dados.vhf sub00/vhpl60 1544558971
AR m4_1_8bit_muser_ula behavioral /home/sl/Desktop/ProjetoAlarmeAvaliacaoSl2/ULA.vhf sub00/vhpl91 1544559002
AR m2_1e_mxilinx_dados behavioral /home/sl/Desktop/ProjetoAlarmeAvaliacaoSl2/Dados.vhf sub00/vhpl43 1544558954
AR disp_basys2sl behavioral /home/sl/Desktop/ProjetoAlarmeAvaliacaoSl2/Trabfinal/disp_basys2_SL.vhd sub00/vhpl01 1544558912
AR m2_1e_mxilinx_sistema behavioral /home/sl/Desktop/ProjetoAlarmeAvaliacaoSl2/Sistema.vhf sub00/vhpl11 1544558922
EN e4_2_muser_sistema NULL /home/sl/Desktop/ProjetoAlarmeAvaliacaoSl2/Sistema.vhf sub00/vhpl20 1544558931
EN m2_1_mxilinx_sistema NULL /home/sl/Desktop/ProjetoAlarmeAvaliacaoSl2/Sistema.vhf sub00/vhpl06 1544558917
EN and8_mxilinx_dados NULL /home/sl/Desktop/ProjetoAlarmeAvaliacaoSl2/Dados.vhf sub00/vhpl58 1544558969
EN m2_1_mxilinx_m2_1_8bit NULL /home/sl/Desktop/ProjetoAlarmeAvaliacaoSl2/m2_1_8bit.vhf sub00/vhpl68 1544558979
EN and8_mxilinx_z NULL /home/sl/Desktop/ProjetoAlarmeAvaliacaoSl2/Z.vhf sub00/vhpl94 1544559005
AR m4_1_8bit_muser_dados behavioral /home/sl/Desktop/ProjetoAlarmeAvaliacaoSl2/Dados.vhf sub00/vhpl55 1544558966
EN m4_1_8bit_muser_sistema NULL /home/sl/Desktop/ProjetoAlarmeAvaliacaoSl2/Sistema.vhf sub00/vhpl22 1544558933
EN regi_muser_temp NULL /home/sl/Desktop/ProjetoAlarmeAvaliacaoSl2/TEMP.vhf sub00/vhpl76 1544558987
EN m4_1e_mxilinx_regi NULL /home/sl/Desktop/ProjetoAlarmeAvaliacaoSl2/REGi.vhf sub01/vhpl108 1544559019
AR temp_muser_sistema behavioral /home/sl/Desktop/ProjetoAlarmeAvaliacaoSl2/Sistema.vhf sub00/vhpl33 1544558944
AR adsu8_mxilinx_ula behavioral /home/sl/Desktop/ProjetoAlarmeAvaliacaoSl2/ULA.vhf sub00/vhpl83 1544558994
EN add8_mxilinx_dados NULL /home/sl/Desktop/ProjetoAlarmeAvaliacaoSl2/Dados.vhf sub00/vhpl48 1544558959
EN e4_2 NULL /home/sl/Desktop/ProjetoAlarmeAvaliacaoSl2/e4_2.vhf sub00/vhpl98 1544559009
AR m2_1_mxilinx_m2_1_8bit behavioral /home/sl/Desktop/ProjetoAlarmeAvaliacaoSl2/m2_1_8bit.vhf sub00/vhpl69 1544558980
AR z behavioral /home/sl/Desktop/ProjetoAlarmeAvaliacaoSl2/Z.vhf sub00/vhpl97 1544559008
EN c_muser_sistema NULL /home/sl/Desktop/ProjetoAlarmeAvaliacaoSl2/Sistema.vhf sub00/vhpl14 1544558925
EN fjkc_mxilinx_esquematicoprojetoavaliacaosl2 NULL /home/sl/Desktop/ProjetoAlarmeAvaliacaoSl2/EsquematicoProjetoAvaliacaoSL2.vhf sub00/vhpl02 1544558913
AR dados_muser_sistema behavioral /home/sl/Desktop/ProjetoAlarmeAvaliacaoSl2/Sistema.vhf sub00/vhpl35 1544558946
AR m2_1e_mxilinx_regi behavioral /home/sl/Desktop/ProjetoAlarmeAvaliacaoSl2/REGi.vhf sub01/vhpl107 1544559018
AR and8_mxilinx_dados behavioral /home/sl/Desktop/ProjetoAlarmeAvaliacaoSl2/Dados.vhf sub00/vhpl59 1544558970
AR add8_mxilinx_sistema behavioral /home/sl/Desktop/ProjetoAlarmeAvaliacaoSl2/Sistema.vhf sub00/vhpl17 1544558928
